---
http_interactions:
- request:
    method: get
    uri: https://api.themoviedb.org/3/movie/100?api_key=DONT_SHARE_MY_SECRET_KEY&language=en-US
    body:
      encoding: US-ASCII
      string: ''
    headers:
      User-Agent:
      - Faraday v2.7.4
      Accept-Encoding:
      - gzip;q=1.0,deflate;q=0.6,identity;q=0.3
      Accept:
      - "*/*"
  response:
    status:
      code: 200
      message: OK
    headers:
      Content-Type:
      - application/json;charset=utf-8
      Transfer-Encoding:
      - chunked
      Connection:
      - keep-alive
      Date:
      - Thu, 11 May 2023 17:24:43 GMT
      Server:
      - openresty
      Cache-Control:
      - public, max-age=25350
      X-Memc:
      - HIT
      X-Memc-Key:
      - 502221c590c8994507bac9cb8903859b
      X-Memc-Age:
      - '21341'
      X-Memc-Expires:
      - '4092'
      Etag:
      - W/"c02da95ec2726bb5c388fd9a9ce8fea4"
      Vary:
      - Accept-Encoding
      - Origin
      X-Cache:
      - Hit from cloudfront
      Via:
      - 1.1 29f1da35ce271d2cdc88184ed0c1f86c.cloudfront.net (CloudFront)
      X-Amz-Cf-Pop:
      - DEN50-C2
      Alt-Svc:
      - h3=":443"; ma=86400
      X-Amz-Cf-Id:
      - xFc7wpFCFtiVW8OA2AuxdWt52HIeSw3m6HUds-TkEjEIQYL4dXu7uA==
      Age:
      - '10470'
    body:
      encoding: ASCII-8BIT
      string: '{"adult":false,"backdrop_path":"/cXQH2u7wUIX1eoIdEj51kHXoWhX.jpg","belongs_to_collection":null,"budget":1350000,"genres":[{"id":35,"name":"Comedy"},{"id":80,"name":"Crime"}],"homepage":"http://www.universalstudiosentertainment.com/lock-stock-and-two-smoking-barrels/","id":100,"imdb_id":"tt0120735","original_language":"en","original_title":"Lock,
        Stock and Two Smoking Barrels","overview":"A card shark and his unwillingly-enlisted
        friends need to make a lot of cash quick after losing a sketchy poker match.
        To do this they decide to pull a heist on a small-time gang who happen to
        be operating out of the flat next door.","popularity":11.328,"poster_path":"/8kSerJrhrJWKLk1LViesGcnrUPE.jpg","production_companies":[{"id":491,"logo_path":"/rUp0lLKa1pr4UsPm8fgzmnNGxtq.png","name":"Summit
        Entertainment","origin_country":"US"},{"id":21920,"logo_path":null,"name":"The
        Steve Tisch Company","origin_country":""},{"id":13419,"logo_path":null,"name":"SKA
        Films","origin_country":"GB"},{"id":1382,"logo_path":"/sOg7LGESPH5vCTOIdbMhLuypoLL.png","name":"PolyGram
        Filmed Entertainment","origin_country":"US"},{"id":20076,"logo_path":"/i9qXGJIP9fGN22PP5jXUVENbyHi.png","name":"HandMade
        Films","origin_country":"GB"}],"production_countries":[{"iso_3166_1":"GB","name":"United
        Kingdom"},{"iso_3166_1":"US","name":"United States of America"}],"release_date":"1998-08-28","revenue":28356188,"runtime":105,"spoken_languages":[{"english_name":"English","iso_639_1":"en","name":"English"}],"status":"Released","tagline":"A
        Disgrace to Criminals Everywhere.","title":"Lock, Stock and Two Smoking Barrels","video":false,"vote_average":8.133,"vote_count":5904}'
  recorded_at: Thu, 11 May 2023 20:19:13 GMT
- request:
    method: get
    uri: https://api.themoviedb.org/3/movie/100?api_key=DONT_SHARE_MY_SECRET_KEY&language=en-US
    body:
      encoding: US-ASCII
      string: ''
    headers:
      User-Agent:
      - Faraday v2.7.4
      Accept-Encoding:
      - gzip;q=1.0,deflate;q=0.6,identity;q=0.3
      Accept:
      - "*/*"
  response:
    status:
      code: 200
      message: OK
    headers:
      Content-Type:
      - application/json;charset=utf-8
      Transfer-Encoding:
      - chunked
      Connection:
      - keep-alive
      Date:
      - Thu, 11 May 2023 17:24:43 GMT
      Server:
      - openresty
      Cache-Control:
      - public, max-age=25350
      X-Memc:
      - HIT
      X-Memc-Key:
      - 502221c590c8994507bac9cb8903859b
      X-Memc-Age:
      - '21341'
      X-Memc-Expires:
      - '4092'
      Etag:
      - W/"c02da95ec2726bb5c388fd9a9ce8fea4"
      Vary:
      - Accept-Encoding
      - Origin
      X-Cache:
      - Hit from cloudfront
      Via:
      - 1.1 c4fb40b7909e4dd897bba2e297b284e6.cloudfront.net (CloudFront)
      X-Amz-Cf-Pop:
      - DEN50-C2
      Alt-Svc:
      - h3=":443"; ma=86400
      X-Amz-Cf-Id:
      - DJ5FbMDLM1KqUSkJ7BqrQorUIho3Toi7oY4geqWxbk1WO3NBWKRziQ==
      Age:
      - '10471'
    body:
      encoding: ASCII-8BIT
      string: '{"adult":false,"backdrop_path":"/cXQH2u7wUIX1eoIdEj51kHXoWhX.jpg","belongs_to_collection":null,"budget":1350000,"genres":[{"id":35,"name":"Comedy"},{"id":80,"name":"Crime"}],"homepage":"http://www.universalstudiosentertainment.com/lock-stock-and-two-smoking-barrels/","id":100,"imdb_id":"tt0120735","original_language":"en","original_title":"Lock,
        Stock and Two Smoking Barrels","overview":"A card shark and his unwillingly-enlisted
        friends need to make a lot of cash quick after losing a sketchy poker match.
        To do this they decide to pull a heist on a small-time gang who happen to
        be operating out of the flat next door.","popularity":11.328,"poster_path":"/8kSerJrhrJWKLk1LViesGcnrUPE.jpg","production_companies":[{"id":491,"logo_path":"/rUp0lLKa1pr4UsPm8fgzmnNGxtq.png","name":"Summit
        Entertainment","origin_country":"US"},{"id":21920,"logo_path":null,"name":"The
        Steve Tisch Company","origin_country":""},{"id":13419,"logo_path":null,"name":"SKA
        Films","origin_country":"GB"},{"id":1382,"logo_path":"/sOg7LGESPH5vCTOIdbMhLuypoLL.png","name":"PolyGram
        Filmed Entertainment","origin_country":"US"},{"id":20076,"logo_path":"/i9qXGJIP9fGN22PP5jXUVENbyHi.png","name":"HandMade
        Films","origin_country":"GB"}],"production_countries":[{"iso_3166_1":"GB","name":"United
        Kingdom"},{"iso_3166_1":"US","name":"United States of America"}],"release_date":"1998-08-28","revenue":28356188,"runtime":105,"spoken_languages":[{"english_name":"English","iso_639_1":"en","name":"English"}],"status":"Released","tagline":"A
        Disgrace to Criminals Everywhere.","title":"Lock, Stock and Two Smoking Barrels","video":false,"vote_average":8.133,"vote_count":5904}'
  recorded_at: Thu, 11 May 2023 20:19:14 GMT
- request:
    method: get
    uri: https://api.themoviedb.org/3/movie/202?api_key=DONT_SHARE_MY_SECRET_KEY&language=en-US
    body:
      encoding: US-ASCII
      string: ''
    headers:
      User-Agent:
      - Faraday v2.7.4
      Accept-Encoding:
      - gzip;q=1.0,deflate;q=0.6,identity;q=0.3
      Accept:
      - "*/*"
  response:
    status:
      code: 404
      message: Not Found
    headers:
      Content-Type:
      - application/json;charset=utf-8
      Transfer-Encoding:
      - chunked
      Connection:
      - keep-alive
      Date:
      - Thu, 11 May 2023 19:09:19 GMT
      Server:
      - openresty
      Cache-Control:
      - public, max-age=27770
      X-Memc:
      - MISS
      X-Memc-Key:
      - babe0f0c298054bd6d81a6e78f6ecd1c
      X-Memc-Age:
      - '0'
      X-Memc-Expires:
      - '27770'
      Vary:
      - Accept-Encoding
      - Origin
      X-Cache:
      - Error from cloudfront
      Via:
      - 1.1 9204cf44179493ed42c678800a26918a.cloudfront.net (CloudFront)
      X-Amz-Cf-Pop:
      - DEN50-C2
      Alt-Svc:
      - h3=":443"; ma=86400
      X-Amz-Cf-Id:
      - 9gQintft2L2uL1AKQbyHEiCQDB8r8_uN9dpAeXl5ibXjOOpFfG0sBQ==
      Age:
      - '4194'
    body:
      encoding: ASCII-8BIT
      string: '{"success":false,"status_code":34,"status_message":"The resource you
        requested could not be found."}'
  recorded_at: Thu, 11 May 2023 20:19:14 GMT
recorded_with: VCR 6.1.0
